{
    "getdata": {
        "content": [
            "amellifera_eg_gene.go.txt:md5,50fb9668e24ab2b3602327ca7b09cd1a"
        ],
        "meta": {
            "nf-test": "0.9.0",
            "nextflow": "24.04.4"
        },
        "timestamp": "2024-08-28T16:48:21.253066379"
    }
}