{
    "quast_stats": {
        "content": [
            "Drosophila_santomea.tsv:md5,92a5bc9851fdc82fc66bbcaae17557f7"
        ],
        "meta": {
            "nf-test": "0.9.0",
            "nextflow": "24.04.4"
        },
        "timestamp": "2024-08-20T15:09:08.942996008"
    }
}